*****************************************************************
      SolidWorks Corporation - Relatório de status do Processador de IGES
*****************************************************************
=================================================================
Informações gerais
=================================================================
Enviando ID de produto do sistema : Peça1
Recebendo ID de produto do sistema : Peça1
Nome do arquivo                    : C:\Users\Bruno Castro\Documents\GitHub\Doris_Arm\Misc_parts\Solid 2016\Tela Lcd 7 Touch.IGS
Enviando sistema               : SolidWorks 2017
Versão do pré-processador         : SolidWorks 2017
Data de criação do arquivo           : 190429.120321
Data de criação do modelo           : 190429.120321
Unidades                        : MM
Escala de espaço do modelo            : 1
Autor                       : Bruno Castro
Organização                 : 


=================================================================
Informações de processamento da entidade
=================================================================


=================================================================
Análise de precisão do arquivo IGES:
=================================================================
  Número mais prevalente de dígitos significativos:              11
  Número mais alto de dígitos significativos:                     11
  Número médio de dígitos significativos:                10.3367
  Distância máxima da origem:                          1007.36
  Distância mínima da origem:                          78.7779
  Número eficaz de dígitos significativos:              10.9319


=================================================================
Resumo de entidade
=================================================================
-----------------------------------------------------------------
Nome do tipo                                         Contagem convertida
---- ----                                         ----- ---------
100  Arc                                             32        32
102  Composite curve                                 88        88
110  Line                                           200       200
120  Surface of revolution                            8         8
124  Transformation matrix                           16        16
126  Rational B-spline curve                        216       216
128  Rational B-spline surface                       29        29
142  Curve on a parametric surface                   44        44
144  Trimmed parametric surface                      37        37
314  Color definition                                 7         7
_________________________________________________________________


=================================================================
Resumo de resultados
=================================================================
Tipo de recurso do SolidWorks                Contagem
-----------------------                -----
Recursos sólidos                       1
Recursos de superfície                     0
Recursos de curva/esboço                0
--------------------------------------------
Hora inicial: segunda-feira, abril 29, 2019 14:56:19
Hora de término: segunda-feira, abril 29, 2019 14:56:21
Tempo de processamento: 0 days, 00 hours, 00 mins, 02 secs
